[cargo.bold-themes.com/transport-company/home/index.html]
[cargo.bold-themes.com/transport-company/wp-content/uploads/sites/2/2015/12/Transportation-16x16.png]
[backblue.gif]
[fade.gif]
[index.html]
[cargo.bold-themes.com/transport-company/wp-content/plugins/contact-form-7/includes/css/stylesd7b7.css]
[cargo.bold-themes.com/transport-company/wp-content/plugins/bt_cost_calculator/style.minfe9d.css]
[cargo.bold-themes.com/transport-company/wp-content/themes/cargo/style.cargo.minfe9d.css]
[cargo.bold-themes.com/transport-company/wp-content/themes/cargo/css/viewport-buggyfillfe9d.css]
[cargo.bold-themes.com/transport-company/wp-includes/js/jquery/jqueryb8ff.js]
[cargo.bold-themes.com/transport-company/wp-includes/js/jquery/jquery-migrate.min330a.js]
[cargo.bold-themes.com/transport-company/wp-content/plugins/bt_cost_calculator/jquery.ddfe9d.js]
[cargo.bold-themes.com/transport-company/wp-content/plugins/cargo/bt_elementsfe9d.js]
[cargo.bold-themes.com/transport-company/wp-content/themes/cargo/js/modernizr.customfe9d.js]
[cargo.bold-themes.com/transport-company/wp-content/themes/cargo/js/viewport-units-buggyfillfe9d.js]
[cargo.bold-themes.com/transport-company/wp-content/themes/cargo/js/viewport-units-buggyfill.hacksfe9d.js]
[cargo.bold-themes.com/transport-company/wp-content/themes/cargo/js/jquery.magnific-popup.minfe9d.js]
[cargo.bold-themes.com/transport-company/wp-content/themes/cargo/js/slick.minfe9d.js]
[cargo.bold-themes.com/transport-company/wp-content/themes/cargo/js/fancySelectfe9d.js]
[cargo.bold-themes.com/transport-company/wp-content/themes/cargo/js/miscfe9d.js]
[cargo.bold-themes.com/transport-company/wp-content/themes/cargo/js/header.miscfe9d.js]
[cargo.bold-themes.com/transport-company/wp-content/themes/cargo/js/dir.hoverfe9d.js]
[cargo.bold-themes.com/transport-company/wp-content/themes/cargo/js/slidersfe9d.js]
[www.google-analytics.com/analytics.js]
[cargo.bold-themes.com/transport-company/wp-content/uploads/sites/2/2015/09/Cargo-logo-color.png]
[cargo.bold-themes.com/transport-company/wp-content/uploads/sites/2/2015/09/Cargo-logo-white1.png]
[cargo.bold-themes.com/transport-company/wp-content/uploads/sites/2/2015/10/plane_contrasted_light.jpg]
[cargo.bold-themes.com/transport-company/wp-content/uploads/sites/2/2015/10/truck_flipped-320x138.jpg]
[cargo.bold-themes.com/transport-company/home/home-with-fullscreen/index.html]
[cargo.bold-themes.com/transport-company/wp-content/uploads/sites/2/2015/10/truck_flipped.jpg]
[cargo.bold-themes.com/transport-company/wp-content/uploads/sites/2/2015/10/train_-320x138.jpg]
[cargo.bold-themes.com/transport-company/wp-content/uploads/sites/2/2015/10/train_.jpg]
[cargo.bold-themes.com/transport-company/wp-content/uploads/sites/2/2015/09/Transparent-background-with-dots.png]
[cargo.bold-themes.com/transport-company/wp-content/uploads/sites/2/2015/10/truck_green.png]
[cargo.bold-themes.com/transport-company/wp-content/uploads/sites/2/2015/10/parallax.jpg]
[cargo.bold-themes.com/transport-company/wp-content/uploads/sites/2/2015/10/sign_1.png]
[cargo.bold-themes.com/transport-company/wp-content/uploads/sites/2/2015/10/sign_2.png]
[cargo.bold-themes.com/transport-company/wp-content/themes/cargo/gfx/aspect-square.png]
[cargo.bold-themes.com/transport-company/wp-content/uploads/sites/2/2015/09/client-logo-1-320x320.png]
[cargo.bold-themes.com/transport-company/wp-content/uploads/sites/2/2015/09/client-logo-2-320x320.png]
[cargo.bold-themes.com/transport-company/wp-content/uploads/sites/2/2015/09/client-logo-3-320x320.png]
[cargo.bold-themes.com/transport-company/wp-content/uploads/sites/2/2015/09/client-logo-7-320x320.png]
[cargo.bold-themes.com/transport-company/wp-content/uploads/sites/2/2015/10/forklift.png]
[cargo.bold-themes.com/transport-company/wp-content/uploads/sites/2/2015/10/shutterstock_147692165-tinted.jpg]
[cargo.bold-themes.com/transport-company/wp-content/uploads/sites/2/2015/09/shutterstock_177975590-640x480.jpg]
[cargo.bold-themes.com/transport-company/wp-content/uploads/sites/2/2015/09/White-Truck-single-640x480.jpg]
[cargo.bold-themes.com/transport-company/wp-content/uploads/sites/2/2015/09/shutterstock_177975590-160x160.jpg]
[cargo.bold-themes.com/transport-company/wp-content/uploads/sites/2/2015/09/Three-orange-Scania-trucks-160x160.jpg]
[cargo.bold-themes.com/transport-company/wp-content/uploads/sites/2/2015/09/White-Truck-single-160x160.jpg]
[cargo.bold-themes.com/transport-company/wp-includes/js/comment-reply.minfe9d.js]
[cargo.bold-themes.com/transport-company/wp-content/plugins/contact-form-7/includes/js/jquery.form.mind03d.js]
[cargo.bold-themes.com/transport-company/wp-content/plugins/contact-form-7/includes/js/scriptsd7b7.js]
[cargo.bold-themes.com/transport-company/wp-includes/js/wp-embed.minfe9d.js]
[cargo.bold-themes.com/transport-company/wp-includes/js/jquery/ui/core.mine899.js]
[cargo.bold-themes.com/transport-company/wp-includes/js/jquery/ui/datepicker.mine899.js]
[cargo.bold-themes.com/transport-company/wp-includes/js/jquery/ui/widget.mine899.js]
[cargo.bold-themes.com/transport-company/wp-includes/js/jquery/ui/mouse.mine899.js]
[cargo.bold-themes.com/transport-company/wp-includes/js/jquery/ui/slider.mine899.js]
[cargo.bold-themes.com/transport-company/wp-content/plugins/bt_cost_calculator/jquery.ui.touch-punch.minfe9d.js]
[cargo.bold-themes.com/transport-company/wp-content/plugins/cargo/bt_parallaxfe9d.js]
[cargo.bold-themes.com/transport-company/home/index.html]
[cargo.bold-themes.com/transport-company/wp-content/plugins/contact-form-7/includes/css/stylesd7b7.css]
[cargo.bold-themes.com/transport-company/wp-content/plugins/bt_cost_calculator/style.minfe9d.css]
[cargo.bold-themes.com/transport-company/wp-content/plugins/bt_dev/stylefe9d.css]
[cargo.bold-themes.com/transport-company/wp-content/plugins/cargo/instafeed.minfe9d.js]
[cargo.bold-themes.com/transport-company/wp-content/themes/cargo/fonts/fontawesome-webfonte0a5.eot]
[cargo.bold-themes.com/transport-company/wp-content/themes/cargo/fonts/fontawesome-webfontd41d.eot]
[cargo.bold-themes.com/transport-company/wp-content/themes/cargo/fonts/fontawesome-webfonte0a5.woff2]
[cargo.bold-themes.com/transport-company/wp-content/themes/cargo/fonts/fontawesome-webfonte0a5.woff]
[cargo.bold-themes.com/transport-company/wp-content/themes/cargo/fonts/fontawesome-webfonte0a5.ttf]
[cargo.bold-themes.com/transport-company/wp-content/themes/cargo/fonts/Pe-icon-7-strokebb1d.eot]
[cargo.bold-themes.com/transport-company/wp-content/themes/cargo/fonts/Pe-icon-7-stroked41d.eot]
[cargo.bold-themes.com/transport-company/wp-content/themes/cargo/fonts/Pe-icon-7-strokebb1d.woff]
[cargo.bold-themes.com/transport-company/wp-content/themes/cargo/fonts/Pe-icon-7-strokebb1d.ttf]
[cargo.bold-themes.com/transport-company/wp-content/themes/cargo/fonts/cargocd26.eot]
[cargo.bold-themes.com/transport-company/wp-content/themes/cargo/fonts/cargocd26.woff]
[cargo.bold-themes.com/transport-company/wp-content/themes/cargo/fonts/cargocd26.ttf]
[cargo.bold-themes.com/transport-company/wp-content/themes/cargo/style.cargo.minfe9d.css]
[cargo.bold-themes.com/transport-company/wp-content/themes/cargo/css/viewport-buggyfillfe9d.css]
[cargo.bold-themes.com/transport-company/wp-includes/js/jquery/jqueryb8ff.js]
[cargo.bold-themes.com/transport-company/wp-includes/js/jquery/jquery-migrate.min330a.js]
[cargo.bold-themes.com/transport-company/wp-content/plugins/bt_cost_calculator/jquery.ddfe9d.js]
[cargo.bold-themes.com/transport-company/wp-content/plugins/cargo/bt_elementsfe9d.js]
[cargo.bold-themes.com/transport-company/wp-content/themes/cargo/js/modernizr.customfe9d.js]
[cargo.bold-themes.com/transport-company/home/GET]
[cargo.bold-themes.com/transport-company/wp-content/themes/cargo/js/viewport-units-buggyfillfe9d.js]
[cargo.bold-themes.com/transport-company/wp-content/themes/cargo/js/viewport-units-buggyfill.hacksfe9d.js]
[cargo.bold-themes.com/transport-company/wp-content/themes/cargo/js/jquery.magnific-popup.minfe9d.js]
[cargo.bold-themes.com/transport-company/wp-content/themes/cargo/js/slick.minfe9d.js]
[cargo.bold-themes.com/transport-company/wp-content/themes/cargo/js/fancySelectfe9d.js]
[cargo.bold-themes.com/transport-company/wp-content/themes/cargo/js/miscfe9d.js]
[cargo.bold-themes.com/transport-company/wp-content/themes/cargo/js/header.miscfe9d.js]
[cargo.bold-themes.com/transport-company/wp-content/themes/cargo/js/dir.hoverfe9d.js]
[cargo.bold-themes.com/transport-company/wp-content/themes/cargo/js/slidersfe9d.js]
[cargo.bold-themes.com/transport-company/home/Version/index.html]
[cargo.bold-themes.com/transport-company/wp-content/uploads/sites/2/2015/09/Three-orange-Scania-trucks.jpg]
[cargo.bold-themes.com/transport-company/wp-content/uploads/sites/2/2015/10/plane_contrasted_light-320x138.jpg]
[cargo.bold-themes.com/transport-company/wp-content/uploads/sites/2/2015/09/pin-blue.png]
[cargo.bold-themes.com/transport-company/home/home-with-fullscreen/index.html]
[cargo.bold-themes.com/transport-company/wp-includes/js/comment-reply.minfe9d.js]
[cargo.bold-themes.com/transport-company/wp-content/plugins/contact-form-7/includes/js/jquery.form.mind03d.js]
[cargo.bold-themes.com/transport-company/wp-content/plugins/contact-form-7/includes/js/scriptsd7b7.js]
[cargo.bold-themes.com/transport-company/wp-includes/js/wp-embed.minfe9d.js]
[cargo.bold-themes.com/transport-company/wp-includes/js/jquery/ui/core.mine899.js]
[cargo.bold-themes.com/transport-company/wp-content/plugins/cargo/bt_gmapfe9d.js]
[cargo.bold-themes.com/transport-company/wp-includes/js/jquery/ui/datepicker.mine899.js]
[cargo.bold-themes.com/transport-company/wp-includes/js/jquery/ui/widget.mine899.js]
[cargo.bold-themes.com/transport-company/wp-includes/js/jquery/ui/mouse.mine899.js]
[cargo.bold-themes.com/transport-company/wp-includes/js/jquery/ui/slider.mine899.js]
[cargo.bold-themes.com/transport-company/wp-content/plugins/bt_cost_calculator/jquery.ui.touch-punch.minfe9d.js]
[cargo.bold-themes.com/transport-company/wp-content/plugins/cargo/bt_parallaxfe9d.js]
[cargo.bold-themes.com/transport-company/wp-content/plugins/cargo/instafeed.minfe9d.js]
[cargo.bold-themes.com/transport-company/wp-content/uploads/sites/2/2015/09/Three-orange-Scania-trucks-640x480.jpg]
[cargo.bold-themes.com/transport-company/wp-content/themes/cargo/fonts/fontawesome-webfonte0a5.svg]
[cargo.bold-themes.com/transport-company/wp-content/themes/cargo/fonts/Pe-icon-7-strokebb1d.svg]
[cargo.bold-themes.com/transport-company/wp-content/themes/cargo/fonts/cargod41d.eot]
[cargo.bold-themes.com/transport-company/home/Version/index.html]
[cargo.bold-themes.com/transport-company/home/GET.html]
[cargo.bold-themes.com/transport-company/wp-content/plugins/cargo/bt_gmapfe9d.js]
[cargo.bold-themes.com/transport-company/wp-content/themes/cargo/fonts/cargo2c36.svg]
